# serializer version: 1
# name: test_listview[partner_listview]
  '''
  <section class="s-section" id="partner-list">
          <div class="s-section__container container">
              <div class="s-section__row row">
                  <div class="s-section__col col-12">
                      <div class="row row-cols-1 row-cols-sm-2 row-cols-lg-3 row-cols-xl-4">
                          
                              <div class="col mb-3 mb-md-5">
                                  <div class="card c-card has-one-link-inside h-100">
                                      
                                          <img alt="Best Partner Ever" class="card-img-top" loading="lazy" src="[img src]"/>
                                      
                                      <div class="card-body pb-0">
                                          <p class="h3 lh-base">Best Partner Ever</p>
                                          <div class="card-text">short description for SEO</div>
                                      </div>
                                      <div class="card-footer text-end">
                                          <a class="btn btn-sm btn-ico btn-link stretched-link matomo-event" data-matomo-action="view" data-matomo-category="engagement" data-matomo-option="partner" href="/partenaires/best-partner-ever-[PK of Partner]/">
                                              <i aria-hidden="true" class="ri-arrow-right-line ri-lg"></i>
                                          </a>
                                      </div>
                                  </div>
                              </div>
                          
                      </div>
                      
                  </div>
              </div>
          </div>
      </section>
  '''
# ---
# name: test_pagination[partner_pagination]
  '''
  <ul class="m-0 pagination pagination-sm justify-content-center mt-5">
          <li class="page-item disabled">
              <a aria-label="Précédent" class="page-link" href=""><i class="ri-arrow-left-s-line"></i></a>
          </li>
          
              
                  <li class="page-item active">
                      <a class="page-link" href="/partenaires/?page=1">1</a>
                  </li>
                  
              
          
              
                  
                  <li class="page-item">
                      <a class="page-link" href="/partenaires/?page=2">2</a>
                  </li>
              
          
          <li class="page-item">
              <a aria-label="Suivant" class="page-link" href="/partenaires/?page=2"><i class="ri-arrow-right-s-line"></i></a>
          </li>
      </ul>
  '''
# ---
